Microchip MPLAB XC8 Compiler V1.21 ()

Linker command line:

--edf=/Applications/microchip/xc8/v1.21/dat/en_msgs.txt -cs \
  -h+dist/default/production/uQuad.X.production.sym \
  --cmf=dist/default/production/uQuad.X.production.cmf -z -Q18F4550 \
  -o/tmp/cgtHJSrPr -Mdist/default/production/uQuad.X.production.map -E1 \
  -ver=XC8 -ACODE=01000h-01005h,01008h-01015h,01018h-07FFFh \
  -ACONST=01000h-01005h,01008h-01015h,01018h-07FFFh \
  -ASMALLCONST=01000h-01005h,01008h-01015h,01018h-010FFh,01100h-011FFhx111 \
  -AMEDIUMCONST=01000h-01005h,01008h-01015h,01018h-07FFFh -ACOMRAM=01h-05Fh \
  -AABS1=00h-07FFh -ABIGRAM=01h-07FFh -ARAM=060h-0FFh,0100h-01FFhx7 \
  -ABANK0=060h-0FFh -ABANK1=0100h-01FFh -ABANK2=0200h-02FFh \
  -ABANK3=0300h-03FFh -ABANK4=0400h-04FFh -ABANK5=0500h-05FFh \
  -ABANK6=0600h-06FFh -ABANK7=0700h-07FFh -ASFR=0F60h-0FFFh \
  -preset_vec=01000h,intcode=01008h,intcodelo=01018h,powerup,init,end_init \
  -pramtop=0800h -psmallconst=SMALLCONST -pmediumconst=MEDIUMCONST \
  -pconst=CONST -AFARRAM=00h-00h -ACONFIG=0300000h-030000Dh -pconfig=CONFIG \
  -AIDLOC=0200000h-0200007h -pidloc=IDLOC -AEEDATA=0F00000h-0F000FFh \
  -peeprom_data=EEDATA \
  -prdata=COMRAM,nvrram=COMRAM,nvbit=COMRAM,rbss=COMRAM,rbit=COMRAM \
  -pfarbss=FARRAM,fardata=FARRAM,nvFARRAM=FARRAM \
  -pintsave_regs=BIGRAM,bigbss=BIGRAM,bigdata=BIGRAM -pbss=RAM \
  -pidata=CODE,irdata=CODE,ibigdata=CODE,ifardata=CODE /tmp/cgtY5yfe8.obj \
  dist/default/production/uQuad.X.production.obj 

Object code version is 3.11

Machine type is 18F4550

Call graph: (short form)




                Name                               Link     Load   Length Selector   Space Scale
/tmp/cgtY5yfe8.obj
                end_init                           1022     1022        4      80C       0
                reset_vec                          1000     1000        4      800       0
                idloc                            200000   200000        8   200000       0
                config                           300000   300000        E   300000       0
dist/default/production/uQuad.X.production.obj
                intcodelo                          1018     1018        A      80C       0
                intcode                            1008     1008        C      804       0
                smallconst                         1026     1026       D4      813       0
                text64                             60A4     60A4        2     3052       0
                text63                             684E     684E       98     3427       0
                text62                             643E     643E       44     321F       0
                text61                             6A1E     6A1E       A4     350F       0
                text60                             62AE     62AE       32     3157       0
                text59                             64C6     64C6       46     3263       0
                text58                             61B0     61B0       26     30D8       0
                text57                             6192     6192       1E     30C9       0
                text56                             637E     637E       3E     31BF       0
                text55                             6B76     6B76       B6     35BB       0
                text54                             6E56     6E56       C2     372B       0
                text53                             68E6     68E6       98     3473       0
                text52                             70B4     70B4       DA     385A       0
                text51                             6228     6228       2C     3114       0
                text50                             6F18     6F18       C4     378C       0
                text49                             735C     735C       FE     39AE       0
                text48                             67B8     67B8       96     33DC       0
                text47                             7AF4     7AF4      218     3D7A       0
                text46                             6D9A     6D9A       BC     36CD       0
                text45                             6656     6656       62     332B       0
                text44                             7566     7566      11A     3AB3       0
                text43                             6556     6556       54     32AB       0
                text42                             6C2C     6C2C       B6     3616       0
                text41                             6AC2     6AC2       B4     3561       0
                text40                             718E     718E       DA     38C7       0
                text39                             7680     7680      11A     3B40       0
                text38                             60AA     60AA        4     3055       0
                text37                             7928     7928      1CC     3C94       0
                text36                             65AA     65AA       54     32D5       0
                text35                             61D6     61D6       28     30EB       0
                text34                             6254     6254       2C     312A       0
                text33                             60B8     60B8        C     305C       0
                text32                             62E0     62E0       32     3170       0
                text31                             6728     6728       90     3394       0
                text30                             7268     7268       F4     3934       0
                text29                             6142     6142       1A     30A1       0
                text28                             60D0     60D0       10     3068       0
                intcode_body                       66B8     66B8       70     335C       0
                text25                             6280     6280       2E     3140       0
                text24                             6FDC     6FDC       D8     37EE       0
                text23                             61FE     61FE       2A     30FF       0
                text22                             6100     6100       16     3080       0
                text21                             63FC     63FC       42     31FE       0
                text20                             63BC     63BC       40     31DE       0
                text19                             650C     650C       4A     3286       0
                text18                             6176     6176       1C     30BB       0
                text17                             60C4     60C4        C     3062       0
                text16                             6482     6482       44     3241       0
                text15                             65FE     65FE       58     32FF       0
                text14                             6116     6116       16     308B       0
                text13                             615C     615C       1A     30AE       0
                text12                             6CE2     6CE2       B8     3671       0
                text11                             612C     612C       16     3096       0
                text10                             779A     779A      18E     3BCD       0
                text9                              60E0     60E0       10     3070       0
                text8                              6312     6312       32     3189       0
                text7                              697E     697E       A0     34BF       0
                text6                              7D0C     7D0C      2F4     3E86       0
                text5                              745A     745A      10C     3A2D       0
                text4                              60A6     60A6        2     3053       0
                text3                              60A8     60A8        2     3054       0
                text2                              1014     1014        2      804       0
                text1                              60F0     60F0       10     3078       0
                text0                              60AE     60AE        A     3057       0
                cstackCOMRAM                         28       28       26        1       1
                cstackBANK0                          B9       B9       1E       60       1
                bssBANK0                             60       60       59       60       1
                dataCOMRAM                           51       51        2        1       1
                bssCOMRAM                             1        1       27        1       1
                cinit                              6344     6344       3A     31A2       0
                nvBANK0                              D7       D7        2       60       1
                nvCOMRAM                             4E       4E        3        1       1
                idataCOMRAM                        1004     1004        2      800       0

TOTAL           Name                               Link     Load   Length     Space
        CLASS   CODE           
                end_init                           1022     1022        4         0
                intcodelo                          1018     1018        A         0
                intcode                            1008     1008        C         0
                reset_vec                          1000     1000        4         0
                text64                             60A4     60A4        2         0
                text63                             684E     684E       98         0
                text62                             643E     643E       44         0
                text61                             6A1E     6A1E       A4         0
                text60                             62AE     62AE       32         0
                text59                             64C6     64C6       46         0
                text58                             61B0     61B0       26         0
                text57                             6192     6192       1E         0
                text56                             637E     637E       3E         0
                text55                             6B76     6B76       B6         0
                text54                             6E56     6E56       C2         0
                text53                             68E6     68E6       98         0
                text52                             70B4     70B4       DA         0
                text51                             6228     6228       2C         0
                text50                             6F18     6F18       C4         0
                text49                             735C     735C       FE         0
                text48                             67B8     67B8       96         0
                text47                             7AF4     7AF4      218         0
                text46                             6D9A     6D9A       BC         0
                text45                             6656     6656       62         0
                text44                             7566     7566      11A         0
                text43                             6556     6556       54         0
                text42                             6C2C     6C2C       B6         0
                text41                             6AC2     6AC2       B4         0
                text40                             718E     718E       DA         0
                text39                             7680     7680      11A         0
                text38                             60AA     60AA        4         0
                text37                             7928     7928      1CC         0
                text36                             65AA     65AA       54         0
                text35                             61D6     61D6       28         0
                text34                             6254     6254       2C         0
                text33                             60B8     60B8        C         0
                text32                             62E0     62E0       32         0
                text31                             6728     6728       90         0
                text30                             7268     7268       F4         0
                text29                             6142     6142       1A         0
                text28                             60D0     60D0       10         0
                intcode_body                       66B8     66B8       70         0
                text25                             6280     6280       2E         0
                text24                             6FDC     6FDC       D8         0
                text23                             61FE     61FE       2A         0
                text22                             6100     6100       16         0
                text21                             63FC     63FC       42         0
                text20                             63BC     63BC       40         0
                text19                             650C     650C       4A         0
                text18                             6176     6176       1C         0
                text17                             60C4     60C4        C         0
                text16                             6482     6482       44         0
                text15                             65FE     65FE       58         0
                text14                             6116     6116       16         0
                text13                             615C     615C       1A         0
                text12                             6CE2     6CE2       B8         0
                text11                             612C     612C       16         0
                text10                             779A     779A      18E         0
                text9                              60E0     60E0       10         0
                text8                              6312     6312       32         0
                text7                              697E     697E       A0         0
                text6                              7D0C     7D0C      2F4         0
                text5                              745A     745A      10C         0
                text4                              60A6     60A6        2         0
                text3                              60A8     60A8        2         0
                text2                              1014     1014        2         0
                text1                              60F0     60F0       10         0
                text0                              60AE     60AE        A         0
                cinit                              6344     6344       3A         0
                idataCOMRAM                        1004     1004        2         0

        CLASS   CONST          

        CLASS   SMALLCONST     
                smallconst                         1026     1026       D4         0

        CLASS   MEDIUMCONST    

        CLASS   COMRAM         
                cstackCOMRAM                         28       28       26         1
                dataCOMRAM                           51       51        2         1
                bssCOMRAM                             1        1       27         1
                nvCOMRAM                             4E       4E        3         1

        CLASS   ABS1           
                abs_s1                              400      400       30         1
                abs_s1                              500      500       80         1

        CLASS   BIGRAM         

        CLASS   RAM            

        CLASS   BANK0          
                cstackBANK0                          B9       B9       1E         1
                bssBANK0                             60       60       59         1
                nvBANK0                              D7       D7        2         1

        CLASS   BANK1          

        CLASS   BANK2          

        CLASS   BANK3          

        CLASS   BANK4          

        CLASS   BANK5          

        CLASS   BANK6          

        CLASS   BANK7          

        CLASS   SFR            

        CLASS   FARRAM         

        CLASS   CONFIG         
                config                           300000   300000        E         0

        CLASS   IDLOC          
                idloc                            200000   200000        8         0

        CLASS   EEDATA         



SEGMENTS        Name                           Load    Length   Top    Selector   Space  Class

                bssCOMRAM                      000001  000052  000053         1       1  COMRAM  
                bssBANK0                       000060  000079  0000D9        60       1  BANK0   
                reset_vec                      001000  000006  001006       800       0  CODE    
                intcode                        001008  00000E  001016       804       0  CODE    
                intcodelo                      001018  00000E  001026       80C       0  CODE    
                smallconst                     001026  0000D4  0010FA       813       0  SMALLCON
                text64                         0060A4  000002  0060A6      3052       0  CODE    
                text4                          0060A6  000002  0060A8      3053       0  CODE    
                text3                          0060A8  000002  0060AA      3054       0  CODE    
                text38                         0060AA  000004  0060AE      3055       0  CODE    
                text0                          0060AE  00000A  0060B8      3057       0  CODE    
                text33                         0060B8  00000C  0060C4      305C       0  CODE    
                text17                         0060C4  00000C  0060D0      3062       0  CODE    
                text28                         0060D0  000010  0060E0      3068       0  CODE    
                text9                          0060E0  000010  0060F0      3070       0  CODE    
                text1                          0060F0  000010  006100      3078       0  CODE    
                text22                         006100  000016  006116      3080       0  CODE    
                text14                         006116  000016  00612C      308B       0  CODE    
                text11                         00612C  000016  006142      3096       0  CODE    
                text29                         006142  00001A  00615C      30A1       0  CODE    
                text13                         00615C  00001A  006176      30AE       0  CODE    
                text18                         006176  00001C  006192      30BB       0  CODE    
                text57                         006192  00001E  0061B0      30C9       0  CODE    
                text58                         0061B0  000026  0061D6      30D8       0  CODE    
                text35                         0061D6  000028  0061FE      30EB       0  CODE    
                text23                         0061FE  00002A  006228      30FF       0  CODE    
                text51                         006228  00002C  006254      3114       0  CODE    
                text34                         006254  00002C  006280      312A       0  CODE    
                text25                         006280  00002E  0062AE      3140       0  CODE    
                text60                         0062AE  000032  0062E0      3157       0  CODE    
                text32                         0062E0  000032  006312      3170       0  CODE    
                text8                          006312  000032  006344      3189       0  CODE    
                cinit                          006344  00003A  00637E      31A2       0  CODE    
                text56                         00637E  00003E  0063BC      31BF       0  CODE    
                text20                         0063BC  000040  0063FC      31DE       0  CODE    
                text21                         0063FC  000042  00643E      31FE       0  CODE    
                text62                         00643E  000044  006482      321F       0  CODE    
                text16                         006482  000044  0064C6      3241       0  CODE    
                text59                         0064C6  000046  00650C      3263       0  CODE    
                text19                         00650C  00004A  006556      3286       0  CODE    
                text43                         006556  000054  0065AA      32AB       0  CODE    
                text36                         0065AA  000054  0065FE      32D5       0  CODE    
                text15                         0065FE  000058  006656      32FF       0  CODE    
                text45                         006656  000062  0066B8      332B       0  CODE    
                intcode_body                   0066B8  000070  006728      335C       0  CODE    
                text31                         006728  000090  0067B8      3394       0  CODE    
                text48                         0067B8  000096  00684E      33DC       0  CODE    
                text63                         00684E  000098  0068E6      3427       0  CODE    
                text53                         0068E6  000098  00697E      3473       0  CODE    
                text7                          00697E  0000A0  006A1E      34BF       0  CODE    
                text61                         006A1E  0000A4  006AC2      350F       0  CODE    
                text41                         006AC2  0000B4  006B76      3561       0  CODE    
                text55                         006B76  0000B6  006C2C      35BB       0  CODE    
                text42                         006C2C  0000B6  006CE2      3616       0  CODE    
                text12                         006CE2  0000B8  006D9A      3671       0  CODE    
                text46                         006D9A  0000BC  006E56      36CD       0  CODE    
                text54                         006E56  0000C2  006F18      372B       0  CODE    
                text50                         006F18  0000C4  006FDC      378C       0  CODE    
                text24                         006FDC  0000D8  0070B4      37EE       0  CODE    
                text52                         0070B4  0000DA  00718E      385A       0  CODE    
                text40                         00718E  0000DA  007268      38C7       0  CODE    
                text30                         007268  0000F4  00735C      3934       0  CODE    
                text49                         00735C  0000FE  00745A      39AE       0  CODE    
                text5                          00745A  00010C  007566      3A2D       0  CODE    
                text44                         007566  00011A  007680      3AB3       0  CODE    
                text39                         007680  00011A  00779A      3B40       0  CODE    
                text10                         00779A  00018E  007928      3BCD       0  CODE    
                text37                         007928  0001CC  007AF4      3C94       0  CODE    
                text47                         007AF4  000218  007D0C      3D7A       0  CODE    
                text6                          007D0C  0002F4  008000      3E86       0  CODE    
                idloc                          200000  000008  200008    200000       0  IDLOC   
                config                         300000  00000E  30000E    300000       0  CONFIG  


UNUSED ADDRESS RANGES

        Name                Unused          Largest block    Delta
        BANK0            0000D9-0000FF               27
        BANK1            000100-0001FF              100
        BANK2            000200-0002FF              100
        BANK3            000300-0003FF              100
        BANK4            000430-0004FF               D0
        BANK5            000580-0005FF               80
        BANK6            000600-0006FF              100
        BANK7            000700-0007FF              100
        BIGRAM           000053-00005F                D
                         0000D9-0003FF              327
                         000430-0004FF               D0
                         000580-0007FF              280
        CODE             0010FA-0060A3             4FAA
        COMRAM           000053-00005F                D
        CONST            0010FA-0060A3             4FAA
        EEDATA           F00000-F000FF              100
        FARRAM           000000-000000                1
        MEDIUMCONST      0010FA-0060A3             4FAA
        RAM              0000D9-0003FF              100
                         000430-0004FF               D0
                         000580-0007FF              100
        SFR              000F60-000FFF               A0
        SMALLCONST       0010FA-0060A3              100

                                  Symbol Table

?_OpenI2C                                             cstackBANK0  0000C7
?_USBConfigureEndpoint                                cstackCOMRAM 000029
?_USBEnableEndpoint                                   cstackCOMRAM 000033
?_USBTransferOnePacket                                cstackBANK0  0000C7
?_USER_USB_CALLBACK_EVENT_HANDLER                     cstackCOMRAM 000039
?_memset                                              cstackBANK0  0000C7
?_motors_set_pwm                                      cstackBANK0  0000C7
?_sensors_i2c_async_read_bytes                        cstackCOMRAM 000029
?_sensors_i2c_async_write_bytes                       cstackCOMRAM 000029
?_sensors_i2c_read_byte                               cstackBANK0  0000D2
?_sensors_i2c_read_bytes                              cstackBANK0  0000C8
?_sensors_i2c_write_byte                              cstackBANK0  0000CD
?_sensors_i2c_write_bytes                             cstackBANK0  0000C8
?_sensors_measurement_get                             cstackBANK0  0000C7
?i2_USBTransferOnePacket                              cstackCOMRAM 000029
?i2_memset                                            cstackCOMRAM 000029
OpenI2C@slew                                          cstackBANK0  0000C7
OpenI2C@sync_mode                                     cstackBANK0  0000C8
USBConfigureEndpoint@EPNum                            cstackCOMRAM 000030
USBConfigureEndpoint@direction                        cstackCOMRAM 000029
USBConfigureEndpoint@handle                           cstackCOMRAM 000031
USBCtrlEPService@setup_cnt                            cstackCOMRAM 00004B
USBCtrlTrfInHandler@lastDTS                           cstackCOMRAM 00002A
USBCtrlTrfRxService@byteToRead                        cstackCOMRAM 00002B
USBCtrlTrfRxService@i                                 cstackCOMRAM 00002A
USBCtrlTrfTxService@byteToSend                        cstackCOMRAM 000029
USBDeviceInit@i                                       cstackBANK0  0000CF
USBDeviceTasks@i                                      cstackCOMRAM 00004D
USBEnableEndpoint@ep                                  cstackCOMRAM 000038
USBEnableEndpoint@options                             cstackCOMRAM 000033
USBEnableEndpoint@p                                   cstackCOMRAM 000036
USBStdFeatureReqHandler@current_ep_data               cstackCOMRAM 000045
USBStdFeatureReqHandler@p                             cstackCOMRAM 000046
USBStdFeatureReqHandler@pUEP                          cstackCOMRAM 000043
USBStdGetStatusHandler@p                              cstackCOMRAM 00002A
USBStdSetCfgHandler@i                                 cstackCOMRAM 000041
USBTransferOnePacket@data                             cstackBANK0  0000C8
USBTransferOnePacket@dir                              cstackBANK0  0000C7
USBTransferOnePacket@ep                               cstackBANK0  0000CB
USBTransferOnePacket@handle                           cstackBANK0  0000CC
USBTransferOnePacket@len                              cstackBANK0  0000CA
USER_USB_CALLBACK_EVENT_HANDLER@event                 cstackCOMRAM 000039
WriteI2C@data_out                                     cstackBANK0  0000C7
_ADCON1                                               (abs)        000FC1
_BDT                                                  (abs)        000400
_BothEP0OutUOWNsSet                                   bssCOMRAM    00000D
_CtrlTrfData                                          (abs)        000428
_INTCON2bits                                          (abs)        000FF1
_INTCON3bits                                          (abs)        000FF0
_INTCONbits                                           (abs)        000FF2
_IPR1bits                                             (abs)        000F9F
_IPR2bits                                             (abs)        000FA2
_IdleI2C                                              text17       0060C4
_LATD                                                 (abs)        000F8C
_LATDbits                                             (abs)        000F8C
_LATEbits                                             (abs)        000F8D
_OpenI2C                                              text18       006176
_PIE1bits                                             (abs)        000F9D
_PIE2bits                                             (abs)        000FA0
_PIR1bits                                             (abs)        000F9E
_PIR2bits                                             (abs)        000FA1
_RCONbits                                             (abs)        000FD0
_ReadI2C                                              text13       00615C
_RemoteWakeup                                         bssCOMRAM    00000E
_SSPADD                                               (abs)        000FC8
_SSPBUF                                               (abs)        000FC9
_SSPCON1                                              (abs)        000FC6
_SSPCON1bits                                          (abs)        000FC6
_SSPCON2                                              (abs)        000FC5
_SSPCON2bits                                          (abs)        000FC5
_SSPSTAT                                              (abs)        000FC7
_SSPSTATbits                                          (abs)        000FC7
_SetupPkt                                             (abs)        000420
_T0CONbits                                            (abs)        000FD5
_T1CONbits                                            (abs)        000FCD
_T3CONbits                                            (abs)        000FB1
_TMR0L                                                (abs)        000FD6
_TMR1                                                 (abs)        000FCE
_TMR3                                                 (abs)        000FB2
_TRISBbits                                            (abs)        000F93
_TRISDbits                                            (abs)        000F95
_TRISEbits                                            (abs)        000F96
_UADDR                                                (abs)        000F6E
_UCFG                                                 (abs)        000F6F
_UCON                                                 (abs)        000F6D
_UCONbits                                             (abs)        000F6D
_UEIE                                                 (abs)        000F6B
_UEIR                                                 (abs)        000F6A
_UEP0                                                 (abs)        000F70
_UEP0bits                                             (abs)        000F70
_UEP1                                                 (abs)        000F71
_UIE                                                  (abs)        000F69
_UIEbits                                              (abs)        000F69
_UIR                                                  (abs)        000F68
_UIRbits                                              (abs)        000F68
_USBActiveConfiguration                               bssCOMRAM    000024
_USBAlternateInterface                                bssCOMRAM    000025
_USBBusIsSuspended                                    bssBANK0     00007C
_USBCheckStdRequest                                   text46       006D9A
_USBCheckVendorRequest                                text64       0060A4
_USBConfigureEndpoint                                 text63       00684E
_USBCtrlEPAllowDataStage                              text53       0068E6
_USBCtrlEPAllowStatusStage                            text55       006B76
_USBCtrlEPService                                     text41       006AC2
_USBCtrlEPServiceComplete                             text52       0070B4
_USBCtrlTrfInHandler                                  text42       006C2C
_USBCtrlTrfOutHandler                                 text43       006556
_USBCtrlTrfRxService                                  text44       007566
_USBCtrlTrfSetupHandler                               text45       006656
_USBCtrlTrfTxService                                  text54       006E56
_USBDeferINDataStagePackets                           bssCOMRAM    00000F
_USBDeferOUTDataStagePackets                          bssCOMRAM    000010
_USBDeferStatusStagePacket                            bssCOMRAM    000011
_USBDeviceAttach                                      text23       0061FE
_USBDeviceInit                                        text24       006FDC
_USBDeviceState                                       bssCOMRAM    000012
_USBDeviceTasks                                       text39       007680
_USBEnableEndpoint                                    text62       00643E
_USBStallHandler                                      text56       00637E
_USBStatusStageEnabledFlag1                           bssBANK0     00007D
_USBStatusStageEnabledFlag2                           bssBANK0     00007E
_USBStatusStageTimeoutCounter                         bssCOMRAM    000013
_USBStdFeatureReqHandler                              text47       007AF4
_USBStdGetDscHandler                                  text49       00735C
_USBStdGetStatusHandler                               text48       0067B8
_USBStdSetCfgHandler                                  text50       006F18
_USBSuspend                                           text57       006192
_USBTransferOnePacket                                 text7        00697E
_USBWakeFromSuspend                                   text58       0061B0
_USB_CD_Ptr                                           smallconst   001091
_USB_SD_Ptr                                           smallconst   00108E
_USER_USB_CALLBACK_EVENT_HANDLER                      text59       0064C6
_USTAT                                                (abs)        000F6C
_USTATcopy                                            bssCOMRAM    000026
_WriteI2C                                             text16       006482
__CFG_BOR$ON                                          (abs)        000000
__CFG_BORV$3                                          (abs)        000000
__CFG_CP0$OFF                                         (abs)        000000
__CFG_CP1$OFF                                         (abs)        000000
__CFG_CPB$OFF                                         (abs)        000000
__CFG_CPUDIV$OSC1_PLL2                                (abs)        000000
__CFG_EBTR0$OFF                                       (abs)        000000
__CFG_EBTR1$OFF                                       (abs)        000000
__CFG_EBTRB$OFF                                       (abs)        000000
__CFG_FCMEN$OFF                                       (abs)        000000
__CFG_FOSC$HSPLL_HS                                   (abs)        000000
__CFG_IESO$OFF                                        (abs)        000000
__CFG_LPT1OSC$OFF                                     (abs)        000000
__CFG_LVP$OFF                                         (abs)        000000
__CFG_MCLRE$ON                                        (abs)        000000
__CFG_PBADEN$OFF                                      (abs)        000000
__CFG_PLLDIV$2                                        (abs)        000000
__CFG_PWRT$OFF                                        (abs)        000000
__CFG_STVREN$ON                                       (abs)        000000
__CFG_USBDIV$2                                        (abs)        000000
__CFG_VREGEN$ON                                       (abs)        000000
__CFG_WDT$OFF                                         (abs)        000000
__CFG_WDTPS$32768                                     (abs)        000000
__CFG_WRT0$OFF                                        (abs)        000000
__CFG_WRT1$OFF                                        (abs)        000000
__CFG_WRTB$OFF                                        (abs)        000000
__CFG_WRTC$OFF                                        (abs)        000000
__CFG_XINST$OFF                                       (abs)        000000
__HRAM                                                (abs)        000000
__Habs1                                               abs1         000000
__Hbank0                                              bank0        000000
__Hbank1                                              bank1        000000
__Hbank2                                              bank2        000000
__Hbank3                                              bank3        000000
__Hbank4                                              bank4        000000
__Hbank5                                              bank5        000000
__Hbank6                                              bank6        000000
__Hbank7                                              bank7        000000
__Hbigbss                                             bigbss       000000
__Hbigdata                                            bigdata      000000
__Hbigram                                             bigram       000000
__Hbss                                                bss          000000
__HbssBANK0                                           bssBANK0     000000
__HbssCOMRAM                                          bssCOMRAM    000000
__Hcinit                                              cinit        000000
__Hclrtext                                            clrtext      000000
__Hcomram                                             comram       000000
__Hconfig                                             config       30000E
__Hconst                                              const        000000
__HcstackBANK0                                        cstackBANK0  000000
__HcstackCOMRAM                                       cstackCOMRAM 000000
__Hdata                                               data         000000
__HdataCOMRAM                                         dataCOMRAM   000000
__Heeprom_data                                        eeprom_data  000000
__Hend_init                                           end_init     001026
__Hfarbss                                             farbss       000000
__Hfardata                                            fardata      000000
__Hibigdata                                           ibigdata     000000
__Hidata                                              idata        000000
__HidataCOMRAM                                        idataCOMRAM  000000
__Hidloc                                              idloc        200008
__Hifardata                                           ifardata     000000
__Hinit                                               init         001022
__Hintcode                                            intcode      001014
__Hintcode_body                                       intcode_body 000000
__Hintcodelo                                          intcodelo    001022
__Hintentry                                           intentry     000000
__Hintret                                             intret       000000
__Hintsave_regs                                       intsave_regs 000000
__Hirdata                                             irdata       000000
__Hmediumconst                                        mediumconst  000000
__HnvBANK0                                            nvBANK0      000000
__HnvCOMRAM                                           nvCOMRAM     000000
__HnvFARRAM                                           nvFARRAM     000000
__Hnvbit                                              nvbit        000000
__Hnvrram                                             nvrram       000000
__Hparam                                              rparam       000000
__Hpowerup                                            powerup      001022
__Hram                                                ram          000000
__Hramtop                                             ramtop       000800
__Hrbit                                               rbit         000000
__Hrbss                                               rbss         000000
__Hrdata                                              rdata        000000
__Hreset_vec                                          reset_vec    001004
__Hrparam                                             rparam       000000
__Hsfr                                                sfr          000000
__Hsmallconst                                         smallconst   0010FA
__Hstruct                                             struct       000000
__Htemp                                               temp         000000
__Htext                                               text         000000
__Htext0                                              text0        000000
__Htext1                                              text1        000000
__Htext10                                             text10       000000
__Htext11                                             text11       000000
__Htext12                                             text12       000000
__Htext13                                             text13       000000
__Htext14                                             text14       000000
__Htext15                                             text15       000000
__Htext16                                             text16       000000
__Htext17                                             text17       000000
__Htext18                                             text18       000000
__Htext19                                             text19       000000
__Htext2                                              text2        000000
__Htext20                                             text20       000000
__Htext21                                             text21       000000
__Htext22                                             text22       000000
__Htext23                                             text23       000000
__Htext24                                             text24       000000
__Htext25                                             text25       000000
__Htext28                                             text28       000000
__Htext29                                             text29       000000
__Htext3                                              text3        000000
__Htext30                                             text30       000000
__Htext31                                             text31       000000
__Htext32                                             text32       000000
__Htext33                                             text33       000000
__Htext34                                             text34       000000
__Htext35                                             text35       000000
__Htext36                                             text36       000000
__Htext37                                             text37       000000
__Htext38                                             text38       000000
__Htext39                                             text39       000000
__Htext4                                              text4        000000
__Htext40                                             text40       000000
__Htext41                                             text41       000000
__Htext42                                             text42       000000
__Htext43                                             text43       000000
__Htext44                                             text44       000000
__Htext45                                             text45       000000
__Htext46                                             text46       000000
__Htext47                                             text47       000000
__Htext48                                             text48       000000
__Htext49                                             text49       000000
__Htext5                                              text5        000000
__Htext50                                             text50       000000
__Htext51                                             text51       000000
__Htext52                                             text52       000000
__Htext53                                             text53       000000
__Htext54                                             text54       000000
__Htext55                                             text55       000000
__Htext56                                             text56       000000
__Htext57                                             text57       000000
__Htext58                                             text58       000000
__Htext59                                             text59       000000
__Htext6                                              text6        000000
__Htext60                                             text60       000000
__Htext61                                             text61       000000
__Htext62                                             text62       000000
__Htext63                                             text63       000000
__Htext64                                             text64       000000
__Htext7                                              text7        000000
__Htext8                                              text8        000000
__Htext9                                              text9        000000
__LRAM                                                (abs)        000001
__Labs1                                               abs1         000000
__Lbank0                                              bank0        000000
__Lbank1                                              bank1        000000
__Lbank2                                              bank2        000000
__Lbank3                                              bank3        000000
__Lbank4                                              bank4        000000
__Lbank5                                              bank5        000000
__Lbank6                                              bank6        000000
__Lbank7                                              bank7        000000
__Lbigbss                                             bigbss       000000
__Lbigdata                                            bigdata      000000
__Lbigram                                             bigram       000000
__Lbss                                                bss          000000
__LbssBANK0                                           bssBANK0     000000
__LbssCOMRAM                                          bssCOMRAM    000000
__Lcinit                                              cinit        000000
__Lclrtext                                            clrtext      000000
__Lcomram                                             comram       000000
__Lconfig                                             config       300000
__Lconst                                              const        000000
__LcstackBANK0                                        cstackBANK0  000000
__LcstackCOMRAM                                       cstackCOMRAM 000000
__Ldata                                               data         000000
__LdataCOMRAM                                         dataCOMRAM   000000
__Leeprom_data                                        eeprom_data  000000
__Lend_init                                           end_init     001022
__Lfarbss                                             farbss       000000
__Lfardata                                            fardata      000000
__Libigdata                                           ibigdata     000000
__Lidata                                              idata        000000
__LidataCOMRAM                                        idataCOMRAM  000000
__Lidloc                                              idloc        200000
__Lifardata                                           ifardata     000000
__Linit                                               init         001022
__Lintcode                                            intcode      001008
__Lintcode_body                                       intcode_body 000000
__Lintcodelo                                          intcodelo    001018
__Lintentry                                           intentry     000000
__Lintret                                             intret       000000
__Lintsave_regs                                       intsave_regs 000000
__Lirdata                                             irdata       000000
__Lmediumconst                                        mediumconst  000000
__LnvBANK0                                            nvBANK0      000000
__LnvCOMRAM                                           nvCOMRAM     000000
__LnvFARRAM                                           nvFARRAM     000000
__Lnvbit                                              nvbit        000000
__Lnvrram                                             nvrram       000000
__Lparam                                              rparam       000000
__Lpowerup                                            powerup      001022
__Lram                                                ram          000000
__Lramtop                                             ramtop       000800
__Lrbit                                               rbit         000000
__Lrbss                                               rbss         000000
__Lrdata                                              rdata        000000
__Lreset_vec                                          reset_vec    001000
__Lrparam                                             rparam       000000
__Lsfr                                                sfr          000000
__Lsmallconst                                         smallconst   001026
__Lstruct                                             struct       000000
__Ltemp                                               temp         000000
__Ltext                                               text         000000
__Ltext0                                              text0        000000
__Ltext1                                              text1        000000
__Ltext10                                             text10       000000
__Ltext11                                             text11       000000
__Ltext12                                             text12       000000
__Ltext13                                             text13       000000
__Ltext14                                             text14       000000
__Ltext15                                             text15       000000
__Ltext16                                             text16       000000
__Ltext17                                             text17       000000
__Ltext18                                             text18       000000
__Ltext19                                             text19       000000
__Ltext2                                              text2        000000
__Ltext20                                             text20       000000
__Ltext21                                             text21       000000
__Ltext22                                             text22       000000
__Ltext23                                             text23       000000
__Ltext24                                             text24       000000
__Ltext25                                             text25       000000
__Ltext28                                             text28       000000
__Ltext29                                             text29       000000
__Ltext3                                              text3        000000
__Ltext30                                             text30       000000
__Ltext31                                             text31       000000
__Ltext32                                             text32       000000
__Ltext33                                             text33       000000
__Ltext34                                             text34       000000
__Ltext35                                             text35       000000
__Ltext36                                             text36       000000
__Ltext37                                             text37       000000
__Ltext38                                             text38       000000
__Ltext39                                             text39       000000
__Ltext4                                              text4        000000
__Ltext40                                             text40       000000
__Ltext41                                             text41       000000
__Ltext42                                             text42       000000
__Ltext43                                             text43       000000
__Ltext44                                             text44       000000
__Ltext45                                             text45       000000
__Ltext46                                             text46       000000
__Ltext47                                             text47       000000
__Ltext48                                             text48       000000
__Ltext49                                             text49       000000
__Ltext5                                              text5        000000
__Ltext50                                             text50       000000
__Ltext51                                             text51       000000
__Ltext52                                             text52       000000
__Ltext53                                             text53       000000
__Ltext54                                             text54       000000
__Ltext55                                             text55       000000
__Ltext56                                             text56       000000
__Ltext57                                             text57       000000
__Ltext58                                             text58       000000
__Ltext59                                             text59       000000
__Ltext6                                              text6        000000
__Ltext60                                             text60       000000
__Ltext61                                             text61       000000
__Ltext62                                             text62       000000
__Ltext63                                             text63       000000
__Ltext64                                             text64       000000
__Ltext7                                              text7        000000
__Ltext8                                              text8        000000
__Ltext9                                              text9        000000
__S0                                                  (abs)        30000E
__S1                                                  (abs)        0000D9
__accesstop                                           (abs)        000060
__activetblptr                                        (abs)        000002
__end_of_IdleI2C                                      text17       0060D0
__end_of_OpenI2C                                      text18       006192
__end_of_ReadI2C                                      text13       006176
__end_of_USBCheckStdRequest                           text46       006E56
__end_of_USBCheckVendorRequest                        text64       0060A6
__end_of_USBConfigureEndpoint                         text63       0068E6
__end_of_USBCtrlEPAllowDataStage                      text53       00697E
__end_of_USBCtrlEPAllowStatusStage                    text55       006C2C
__end_of_USBCtrlEPService                             text41       006B76
__end_of_USBCtrlEPServiceComplete                     text52       00718E
__end_of_USBCtrlTrfInHandler                          text42       006CE2
__end_of_USBCtrlTrfOutHandler                         text43       0065AA
__end_of_USBCtrlTrfRxService                          text44       007680
__end_of_USBCtrlTrfSetupHandler                       text45       0066B8
__end_of_USBCtrlTrfTxService                          text54       006F18
__end_of_USBDeviceAttach                              text23       006228
__end_of_USBDeviceInit                                text24       0070B4
__end_of_USBDeviceTasks                               text39       00779A
__end_of_USBEnableEndpoint                            text62       006482
__end_of_USBStallHandler                              text56       0063BC
__end_of_USBStdFeatureReqHandler                      text47       007D0C
__end_of_USBStdGetDscHandler                          text49       00745A
__end_of_USBStdGetStatusHandler                       text48       00684E
__end_of_USBStdSetCfgHandler                          text50       006FDC
__end_of_USBSuspend                                   text57       0061B0
__end_of_USBTransferOnePacket                         text7        006A1E
__end_of_USBWakeFromSuspend                           text58       0061D6
__end_of_USB_CD_Ptr                                   smallconst   001092
__end_of_USB_SD_Ptr                                   smallconst   001091
__end_of_USER_USB_CALLBACK_EVENT_HANDLER              text59       00650C
__end_of_WriteI2C                                     text16       0064C6
__end_of__initialization                              cinit        006374
__end_of_app_init                                     text8        006344
__end_of_app_isr                                      text28       0060E0
__end_of_app_process                                  text1        006100
__end_of_comm_init                                    text22       006116
__end_of_comm_isr                                     text38       0060AE
__end_of_comm_process                                 text5        007566
__end_of_comm_usb_configured                          text60       0062E0
__end_of_configDescriptor1                            smallconst   0010B2
__end_of_device_dsc                                   smallconst   0010F4
__end_of_interrupt_high                               intcode_body 006728
__end_of_interrupt_low                                intcodelo    001022
__end_of_leds_init                                    text21       00643E
__end_of_leds_isr                                     text37       007AF4
__end_of_leds_process                                 text4        0060A8
__end_of_leds_quad_patterns                           smallconst   00105A
__end_of_leds_status_patterns                         smallconst   00108E
__end_of_main                                         text0        0060B8
__end_of_memset                                       text25       0062AE
__end_of_motors_init                                  text19       006556
__end_of_motors_isr                                   text36       0065FE
__end_of_motors_process                               text3        0060AA
__end_of_motors_set_pwm                               text20       0063FC
__end_of_sd000                                        smallconst   0010F8
__end_of_sd001                                        smallconst   0010E2
__end_of_sd002                                        smallconst   0010CC
__end_of_sensors_i2c_async_read_bytes                 text35       0061FE
__end_of_sensors_i2c_async_rw_completed               text31       0067B8
__end_of_sensors_i2c_async_tasks                      text30       00735C
__end_of_sensors_i2c_async_write_bytes                text32       006312
__end_of_sensors_i2c_read_byte                        text11       006142
__end_of_sensors_i2c_read_bytes                       text12       006D9A
__end_of_sensors_i2c_write_byte                       text14       00612C
__end_of_sensors_i2c_write_bytes                      text15       006656
__end_of_sensors_init                                 text10       007928
__end_of_sensors_isr                                  text29       00615C
__end_of_sensors_measurement_get                      text6        008000
__end_of_sensors_measurement_read_async               text34       006280
__end_of_sensors_measurement_start                    text9        0060F0
__end_of_sensors_measurement_tasks                    text33       0060C4
__end_of_sensors_process                              text2        001016
__end_ofi2_USBDeviceInit                              text40       007268
__end_ofi2_USBTransferOnePacket                       text61       006AC2
__end_ofi2_memset                                     text51       006254
__initialization                                      cinit        006344
__mediumconst                                         mediumconst  000000
__pbssBANK0                                           bssBANK0     000060
__pbssCOMRAM                                          bssCOMRAM    000001
__pcinit                                              cinit        006344
__pcstackBANK0                                        cstackBANK0  0000B9
__pcstackCOMRAM                                       cstackCOMRAM 000028
__pdataCOMRAM                                         dataCOMRAM   000051
__pidataCOMRAM                                        idataCOMRAM  001004
__pintcode                                            intcode      001008
__pintcode_body                                       intcode_body 0066B8
__pintcodelo                                          intcodelo    001018
__pnvBANK0                                            nvBANK0      0000D7
__pnvCOMRAM                                           nvCOMRAM     00004E
__psmallconst                                         smallconst   001026
__ptext0                                              text0        0060AE
__ptext1                                              text1        0060F0
__ptext10                                             text10       00779A
__ptext11                                             text11       00612C
__ptext12                                             text12       006CE2
__ptext13                                             text13       00615C
__ptext14                                             text14       006116
__ptext15                                             text15       0065FE
__ptext16                                             text16       006482
__ptext17                                             text17       0060C4
__ptext18                                             text18       006176
__ptext19                                             text19       00650C
__ptext2                                              text2        001014
__ptext20                                             text20       0063BC
__ptext21                                             text21       0063FC
__ptext22                                             text22       006100
__ptext23                                             text23       0061FE
__ptext24                                             text24       006FDC
__ptext25                                             text25       006280
__ptext28                                             text28       0060D0
__ptext29                                             text29       006142
__ptext3                                              text3        0060A8
__ptext30                                             text30       007268
__ptext31                                             text31       006728
__ptext32                                             text32       0062E0
__ptext33                                             text33       0060B8
__ptext34                                             text34       006254
__ptext35                                             text35       0061D6
__ptext36                                             text36       0065AA
__ptext37                                             text37       007928
__ptext38                                             text38       0060AA
__ptext39                                             text39       007680
__ptext4                                              text4        0060A6
__ptext40                                             text40       00718E
__ptext41                                             text41       006AC2
__ptext42                                             text42       006C2C
__ptext43                                             text43       006556
__ptext44                                             text44       007566
__ptext45                                             text45       006656
__ptext46                                             text46       006D9A
__ptext47                                             text47       007AF4
__ptext48                                             text48       0067B8
__ptext49                                             text49       00735C
__ptext5                                              text5        00745A
__ptext50                                             text50       006F18
__ptext51                                             text51       006228
__ptext52                                             text52       0070B4
__ptext53                                             text53       0068E6
__ptext54                                             text54       006E56
__ptext55                                             text55       006B76
__ptext56                                             text56       00637E
__ptext57                                             text57       006192
__ptext58                                             text58       0061B0
__ptext59                                             text59       0064C6
__ptext6                                              text6        007D0C
__ptext60                                             text60       0062AE
__ptext61                                             text61       006A1E
__ptext62                                             text62       00643E
__ptext63                                             text63       00684E
__ptext64                                             text64       0060A4
__ptext7                                              text7        00697E
__ptext8                                              text8        006312
__ptext9                                              text9        0060E0
__ramtop                                              ramtop       000800
__size_of_IdleI2C                                     (abs)        000000
__size_of_OpenI2C                                     (abs)        000000
__size_of_ReadI2C                                     (abs)        000000
__size_of_USBCheckStdRequest                          (abs)        000000
__size_of_USBCheckVendorRequest                       (abs)        000000
__size_of_USBConfigureEndpoint                        (abs)        000000
__size_of_USBCtrlEPAllowDataStage                     (abs)        000000
__size_of_USBCtrlEPAllowStatusStage                   (abs)        000000
__size_of_USBCtrlEPService                            (abs)        000000
__size_of_USBCtrlEPServiceComplete                    (abs)        000000
__size_of_USBCtrlTrfInHandler                         (abs)        000000
__size_of_USBCtrlTrfOutHandler                        (abs)        000000
__size_of_USBCtrlTrfRxService                         (abs)        000000
__size_of_USBCtrlTrfSetupHandler                      (abs)        000000
__size_of_USBCtrlTrfTxService                         (abs)        000000
__size_of_USBDeviceAttach                             (abs)        000000
__size_of_USBDeviceInit                               (abs)        000000
__size_of_USBDeviceTasks                              (abs)        000000
__size_of_USBEnableEndpoint                           (abs)        000000
__size_of_USBStallHandler                             (abs)        000000
__size_of_USBStdFeatureReqHandler                     (abs)        000000
__size_of_USBStdGetDscHandler                         (abs)        000000
__size_of_USBStdGetStatusHandler                      (abs)        000000
__size_of_USBStdSetCfgHandler                         (abs)        000000
__size_of_USBSuspend                                  (abs)        000000
__size_of_USBTransferOnePacket                        (abs)        000000
__size_of_USBWakeFromSuspend                          (abs)        000000
__size_of_USER_USB_CALLBACK_EVENT_HANDLER             (abs)        000000
__size_of_WriteI2C                                    (abs)        000000
__size_of_app_init                                    (abs)        000000
__size_of_app_isr                                     (abs)        000000
__size_of_app_process                                 (abs)        000000
__size_of_comm_init                                   (abs)        000000
__size_of_comm_isr                                    (abs)        000000
__size_of_comm_process                                (abs)        000000
__size_of_comm_usb_configured                         (abs)        000000
__size_of_interrupt_high                              (abs)        000000
__size_of_interrupt_low                               (abs)        000000
__size_of_leds_init                                   (abs)        000000
__size_of_leds_isr                                    (abs)        000000
__size_of_leds_process                                (abs)        000000
__size_of_main                                        (abs)        000000
__size_of_memset                                      (abs)        000000
__size_of_motors_init                                 (abs)        000000
__size_of_motors_isr                                  (abs)        000000
__size_of_motors_process                              (abs)        000000
__size_of_motors_set_pwm                              (abs)        000000
__size_of_sensors_i2c_async_read_bytes                (abs)        000000
__size_of_sensors_i2c_async_rw_completed              (abs)        000000
__size_of_sensors_i2c_async_tasks                     (abs)        000000
__size_of_sensors_i2c_async_write_bytes               (abs)        000000
__size_of_sensors_i2c_read_byte                       (abs)        000000
__size_of_sensors_i2c_read_bytes                      (abs)        000000
__size_of_sensors_i2c_write_byte                      (abs)        000000
__size_of_sensors_i2c_write_bytes                     (abs)        000000
__size_of_sensors_init                                (abs)        000000
__size_of_sensors_isr                                 (abs)        000000
__size_of_sensors_measurement_get                     (abs)        000000
__size_of_sensors_measurement_read_async              (abs)        000000
__size_of_sensors_measurement_start                   (abs)        000000
__size_of_sensors_measurement_tasks                   (abs)        000000
__size_of_sensors_process                             (abs)        000000
__size_ofi2_USBDeviceInit                             (abs)        000000
__size_ofi2_USBTransferOnePacket                      (abs)        000000
__size_ofi2_memset                                    (abs)        000000
__smallconst                                          smallconst   001026
_app_init                                             text8        006312
_app_isr                                              text28       0060D0
_app_process                                          text1        0060F0
_comm_in_buffer                                       (abs)        000540
_comm_in_handle                                       bssBANK0     000074
_comm_init                                            text22       006100
_comm_isr                                             text38       0060AA
_comm_out_buffer                                      (abs)        000500
_comm_out_handle                                      bssBANK0     000076
_comm_process                                         text5        00745A
_comm_process$1734                                    cstackBANK0  0000CF
_comm_process$1803                                    cstackBANK0  0000D1
_comm_usb_configured                                  text60       0062AE
_comm_usb_is_configured                               bssCOMRAM    000014
_configDescriptor1                                    smallconst   001092
_controlTransferState                                 bssCOMRAM    000015
_device_dsc                                           smallconst   0010E2
_endpoint_number                                      bssCOMRAM    000016
_ep_data_in                                           bssBANK0     000078
_ep_data_out                                          bssBANK0     00007A
_inPipes                                              bssBANK0     0000B3
_interrupt_high                                       intcode      001008
_interrupt_low                                        intcodelo    001018
_leds_counter                                         bssCOMRAM    000017
_leds_init                                            text21       0063FC
_leds_isr                                             text37       007928
_leds_led0_mode                                       nvCOMRAM     00004E
_leds_led1_mode                                       nvCOMRAM     00004F
_leds_led2_mode                                       nvBANK0      0000D7
_leds_led3_mode                                       nvBANK0      0000D8
_leds_process                                         text4        0060A6
_leds_quad_patterns                                   smallconst   001026
_leds_status_led_mode                                 bssCOMRAM    000018
_leds_status_patterns                                 smallconst   00105A
_main                                                 text0        0060AE
_memset                                               text25       006280
_motors_current                                       bssCOMRAM    000027
_motors_current_off_duration                          bssCOMRAM    000019
_motors_init                                          text19       00650C
_motors_isr                                           text36       0065AA
_motors_process                                       text3        0060A8
_motors_pwm                                           bssCOMRAM    000001
_motors_pwm_on_bits                                   nvCOMRAM     000050
_motors_pwm_scale                                     bssBANK0     000068
_motors_set_pwm                                       text20       0063BC
_outPipes                                             bssBANK0     000060
_pBDTEntryEP0OutCurrent                               bssCOMRAM    000005
_pBDTEntryEP0OutNext                                  bssCOMRAM    000007
_pBDTEntryIn                                          bssBANK0     00006C
_pBDTEntryOut                                         bssBANK0     000070
_pDst                                                 bssCOMRAM    000009
_sd000                                                smallconst   0010F4
_sd001                                                smallconst   0010CC
_sd002                                                smallconst   0010B2
_sensors_i2c_async_read_bytes                         text35       0061D6
_sensors_i2c_async_rw_buffer                          bssCOMRAM    00000B
_sensors_i2c_async_rw_buffer_progress                 bssCOMRAM    00001A
_sensors_i2c_async_rw_buffer_size                     bssCOMRAM    00001B
_sensors_i2c_async_rw_completed                       text31       006728
_sensors_i2c_async_rw_device_address                  bssCOMRAM    00001C
_sensors_i2c_async_rw_operation                       bssCOMRAM    00001D
_sensors_i2c_async_rw_register_address                bssCOMRAM    00001E
_sensors_i2c_async_rw_state                           bssCOMRAM    00001F
_sensors_i2c_async_tasks                              text30       007268
_sensors_i2c_async_write_bytes                        text32       0062E0
_sensors_i2c_read_byte                                text11       00612C
_sensors_i2c_read_bytes                               text12       006CE2
_sensors_i2c_write_byte                               text14       006116
_sensors_i2c_write_bytes                              text15       0065FE
_sensors_init                                         text10       00779A
_sensors_isr                                          text29       006142
_sensors_measurement_buffers                          bssBANK0     000081
_sensors_measurement_buffers_current                  bssBANK0     00007F
_sensors_measurement_buffers_ready                    bssBANK0     000080
_sensors_measurement_get                              text6        007D0C
_sensors_measurement_read_async                       text34       006254
_sensors_measurement_read_buffer                      bssCOMRAM    000020
_sensors_measurement_read_state                       bssCOMRAM    000021
_sensors_measurement_start                            text9        0060E0
_sensors_measurement_started                          bssCOMRAM    000022
_sensors_measurement_tasks                            text33       0060B8
_sensors_process                                      text2        001014
_shortPacketStatus                                    bssCOMRAM    000023
end_of_initialization                                 cinit        006374
i2USBDeviceInit@i                                     cstackCOMRAM 000031
i2USBTransferOnePacket@data                           cstackCOMRAM 00002A
i2USBTransferOnePacket@dir                            cstackCOMRAM 000029
i2USBTransferOnePacket@ep                             cstackCOMRAM 00002D
i2USBTransferOnePacket@handle                         cstackCOMRAM 00002E
i2USBTransferOnePacket@len                            cstackCOMRAM 00002C
i2_USBDeviceInit                                      text40       00718E
i2_USBTransferOnePacket                               text61       006A1E
i2_memset                                             text51       006228
i2memset@c                                            cstackCOMRAM 00002B
i2memset@n                                            cstackCOMRAM 00002D
i2memset@p                                            cstackCOMRAM 00002F
i2memset@p1                                           cstackCOMRAM 000029
int_func                                              intcode_body 0066B8
intlevel0                                             text         000000
intlevel1                                             text         000000
intlevel2                                             text         000000
intlevel3                                             text         000000
[...]
      Totals:         0       0       0       0       0       0       0       0       0
Total ram usage:        0 bytes
 Hardware stack levels used:    1
 Hardware stack levels required when called:    1
 This function calls:
		_USBCtrlTrfTxService
 This function is called by:
		_USBCtrlEPServiceComplete
 This function uses a non-reentrant model


 *************** function _USBCtrlTrfTxService *****************
 Defined at:
		line 1772 in file "../../../../../../../../../Yosemite/Users/zangel/microchip/mla/v2014_07_22/framework/usb/src/usb_device.c"
 Parameters:    Size  Location     Type
		None
 Auto vars:     Size  Location     Type
  byteToSend      1    1[COMRAM] unsigned char 
 Return value:  Size  Location     Type
		None               void
 Registers used:
		wreg, fsr0l, fsr0h, fsr2l, fsr2h, status,2, status,0, tblptrl, tblptrh, tblptru
 Tracked objects:
		On entry : 
		On exit  : 
		Unchanged: 
 Data sizes:     COMRAM   BANK0   BANK1   BANK2   BANK3   BANK4   BANK5   BANK6   BANK7
      Params:         0       0       0       0       0       0       0       0       0
      Locals:         1       0       0       0       0       0       0       0       0
      Temps:          0       0       0       0       0       0       0       0       0
      Totals:         1       0       0       0       0       0       0       0       0
Total ram usage:        1 bytes
 Hardware stack levels used:    1
 This function calls:
		Nothing
 This function is called by:
		_USBCtrlEPAllowDataStage
		_USBCtrlTrfInHandler
 This function uses a non-reentrant model


 *************** function _USBCtrlEPAllowStatusStage *****************
 Defined at:
		line 1417 in file "../../../../../../../../../Yosemite/Users/zangel/microchip/mla/v2014_07_22/framework/usb/src/usb_device.c"
 Parameters:    Size  Location     Type
		None
 Auto vars:     Size  Location     Type
		None
 Return value:  Size  Location     Type
		None               void
 Registers used:
		wreg, fsr2l, fsr2h, status,2, status,0
 Tracked objects:
		On entry : 
		On exit  : 
		Unchanged: 
 Data sizes:     COMRAM   BANK0   BANK1   BANK2   BANK3   BANK4   BANK5   BANK6   BANK7
      Params:         0       0       0       0       0       0       0       0       0
      Locals:         0       0       0       0       0       0       0       0       0
      Temps:          0       0       0       0       0       0       0       0       0
      Totals:         0       0       0       0       0       0       0       0       0
Total ram usage:        0 bytes
 Hardware stack levels used:    1
 This function calls:
		Nothing
 This function is called by:
		_USBDeviceTasks
		_USBCtrlEPServiceComplete
		_USBCtrlTrfRxService
 This function uses a non-reentrant model


 *************** function _USBStallHandler *****************
 Defined at:
		line 2203 in file "../../../../../../../../../Yosemite/Users/zangel/microchip/mla/v2014_07_22/framework/usb/src/usb_device.c"
 Parameters:    Size  Location     Type
		None
 Auto vars:     Size  Location     Type
		None
 Return value:  Size  Location     Type
		None               void
 Registers used:
		wreg, fsr2l, fsr2h, status,2, status,0
 Tracked objects:
		On entry : 
		On exit  : 
		Unchanged: 
 Data sizes:     COMRAM   BANK0   BANK1   BANK2   BANK3   BANK4   BANK5   BANK6   BANK7
      Params:         0       0       0       0       0       0       0       0       0
      Locals:         0       0       0       0       0       0       0       0       0
      Temps:          0       0       0       0       0       0       0       0       0
      Totals:         0       0       0       0       0       0       0       0       0
Total ram usage:        0 bytes
 Hardware stack levels used:    1
 This function calls:
		Nothing
 This function is called by:
		_USBDeviceTasks
 This function uses a non-reentrant model


 *************** function _USBSuspend *****************
 Defined at:
		line 2246 in file "../../../../../../../../../Yosemite/Users/zangel/microchip/mla/v2014_07_22/framework/usb/src/usb_device.c"
 Parameters:    Size  Location     Type
		None
 Auto vars:     Size  Location     Type
		None
 Return value:  Size  Location     Type
		None               void
 Registers used:
		wreg, fsr0l, fsr0h, fsr1l, fsr1h, fsr1l, fsr1h, fsr2l, fsr2h, status,2, status,0, pclat, btemp, btemp+1, btemp+2, btemp+3, btemp+4, btemp+5, btemp+6, btemp+7, tosl, structret, tblptrl, tblptrh, tblptru, prodl, prodh, bsr, cstack
 Tracked objects:
		On entry : 
		On exit  : 
		Unchanged: 
 Data sizes:     COMRAM   BANK0   BANK1   BANK2   BANK3   BANK4   BANK5   BANK6   BANK7
      Params:         0       0       0       0       0       0       0       0       0
      Locals:         0       0       0       0       0       0       0       0       0
      Temps:          0       0       0       0       0       0       0       0       0
      Totals:         0       0       0       0       0       0       0       0       0
Total ram usage:        0 bytes
 Hardware stack levels used:    1
 Hardware stack levels required when called:    4
 This function calls:
		_USER_USB_CALLBACK_EVENT_HANDLER
 This function is called by:
		_USBDeviceTasks
 This function uses a non-reentrant model


 *************** function _USBWakeFromSuspend *****************
 Defined at:
		line 2303 in file "../../../../../../../../../Yosemite/Users/zangel/microchip/mla/v2014_07_22/framework/usb/src/usb_device.c"
 Parameters:    Size  Location     Type
		None
 Auto vars:     Size  Location     Type
		None
 Return value:  Size  Location     Type
		None               void
 Registers used:
		wreg, fsr0l, fsr0h, fsr1l, fsr1h, fsr1l, fsr1h, fsr2l, fsr2h, status,2, status,0, pclat, btemp, btemp+1, btemp+2, btemp+3, btemp+4, btemp+5, btemp+6, btemp+7, tosl, structret, tblptrl, tblptrh, tblptru, prodl, prodh, bsr, cstack
 Tracked objects:
		On entry : 
		On exit  : 
		Unchanged: 
 Data sizes:     COMRAM   BANK0   BANK1   BANK2   BANK3   BANK4   BANK5   BANK6   BANK7
      Params:         0       0       0       0       0       0       0       0       0
      Locals:         0       0       0       0       0       0       0       0       0
      Temps:          0       0       0       0       0       0       0       0       0
      Totals:         0       0       0       0       0       0       0       0       0
Total ram usage:        0 bytes
 Hardware stack levels used:    1
 Hardware stack levels required when called:    4
 This function calls:
		_USER_USB_CALLBACK_EVENT_HANDLER
 This function is called by:
		_USBDeviceTasks
 This function uses a non-reentrant model


 *************** function _USER_USB_CALLBACK_EVENT_HANDLER *****************
 Defined at:
		line 86 in file "comm.c"
 Parameters:    Size  Location     Type
  event           2   17[COMRAM] enum E5667
  pdata           2   19[COMRAM] PTR void 
		 -> USTATcopy(1), USBActiveConfiguration(1), NULL(0), BDT(32), 
  size            2   21[COMRAM] unsigned int 
 Auto vars:     Size  Location     Type
		None
 Return value:  Size  Location     Type
                  1    wreg      unsigned char 
 Registers used:
		wreg, fsr0l, fsr0h, fsr1l, fsr1h, fsr1l, fsr1h, fsr2l, fsr2h, status,2, status,0, pclat, btemp, btemp+1, btemp+2, btemp+3, btemp+4, btemp+5, btemp+6, btemp+7, tosl, structret, tblptrl, tblptrh, tblptru, prodl, prodh, bsr, cstack
 Tracked objects:
		On entry : 
		On exit  : 
		Unchanged: 
 Data sizes:     COMRAM   BANK0   BANK1   BANK2   BANK3   BANK4   BANK5   BANK6   BANK7
      Params:         6       0       0       0       0       0       0       0       0
      Locals:         0       0       0       0       0       0       0       0       0
      Temps:          2       0       0       0       0       0       0       0       0
      Totals:         8       0       0       0       0       0       0       0       0
Total ram usage:        8 bytes
 Hardware stack levels used:    1
 Hardware stack levels required when called:    3
 This function calls:
		_USBCheckVendorRequest
		_comm_usb_configured
 This function is called by:
		_USBDeviceTasks
		_USBStdSetCfgHandler
		_USBSuspend
		_USBWakeFromSuspend
		_USBCtrlTrfSetupHandler
		_USBCheckStdRequest
		_USBStdFeatureReqHandler
 This function uses a non-reentrant model


 *************** function _comm_usb_configured *****************
 Defined at:
		line 75 in file "comm.c"
 Parameters:    Size  Location     Type
		None
 Auto vars:     Size  Location     Type
		None
 Return value:  Size  Location     Type
		None               void
 Registers used:
		wreg, fsr2l, fsr2h, status,2, status,0, prodl, prodh, cstack
 Tracked objects:
		On entry : 
		On exit  : 
		Unchanged: 
 Data sizes:     COMRAM   BANK0   BANK1   BANK2   BANK3   BANK4   BANK5   BANK6   BANK7
      Params:         0       0       0       0       0       0       0       0       0
      Locals:         0       0       0       0       0       0       0       0       0
      Temps:          0       0       0       0       0       0       0       0       0
      Totals:         0       0       0       0       0       0       0       0       0
Total ram usage:        0 bytes
 Hardware stack levels used:    1
 Hardware stack levels required when called:    2
 This function calls:
		_USBEnableEndpoint
		i2_USBTransferOnePacket
 This function is called by:
		_USER_USB_CALLBACK_EVENT_HANDLER
 This function uses a non-reentrant model


 *************** function i2_USBTransferOnePacket *****************
 Defined at:
		line 996 in file "../../../../../../../../../Yosemite/Users/zangel/microchip/mla/v2014_07_22/framework/usb/src/usb_device.c"
 Parameters:    Size  Location     Type
  ep              1    wreg     unsigned char 
  dir             1    1[COMRAM] unsigned char 
  data            2    2[COMRAM] PTR unsigned char 
		 -> comm_in_buffer(64), comm_out_buffer(64), 
  len             1    4[COMRAM] unsigned char 
 Auto vars:     Size  Location     Type
  ep              1    5[COMRAM] unsigned char 
  USBTransferO    2    6[COMRAM] PTR volatile struct __BD
		 -> NULL(0), BDT(32), 
 Return value:  Size  Location     Type
                  2    1[COMRAM] PTR void 
 Registers used:
		wreg, fsr2l, fsr2h, status,2, status,0, prodl, prodh
 Tracked objects:
		On entry : 
		On exit  : 
		Unchanged: 
 Data sizes:     COMRAM   BANK0   BANK1   BANK2   BANK3   BANK4   BANK5   BANK6   BANK7
      Params:         4       0       0       0       0       0       0       0       0
      Locals:         3       0       0       0       0       0       0       0       0
      Temps:          0       0       0       0       0       0       0       0       0
      Totals:         7       0       0       0       0       0       0       0       0
Total ram usage:        7 bytes
 Hardware stack levels used:    1
 This function calls:
		Nothing
 This function is called by:
		_comm_usb_configured
 This function uses a non-reentrant model


 *************** function _USBEnableEndpoint *****************
 Defined at:
		line 879 in file "../../../../../../../../../Yosemite/Users/zangel/microchip/mla/v2014_07_22/framework/usb/src/usb_device.c"
 Parameters:    Size  Location     Type
  ep              1    wreg     unsigned char 
  options         1   11[COMRAM] unsigned char 
 Auto vars:     Size  Location     Type
  ep              1   16[COMRAM] unsigned char 
  p               2   14[COMRAM] PTR unsigned char 
		 -> UEP0(1), 
 Return value:  Size  Location     Type
		None               void
 Registers used:
		wreg, fsr2l, fsr2h, status,2, status,0, prodl, prodh, cstack
 Tracked objects:
		On entry : 
		On exit  : 
		Unchanged: 
 Data sizes:     COMRAM   BANK0   BANK1   BANK2   BANK3   BANK4   BANK5   BANK6   BANK7
      Params:         1       0       0       0       0       0       0       0       0
      Locals:         3       0       0       0       0       0       0       0       0
      Temps:          2       0       0       0       0       0       0       0       0
      Totals:         6       0       0       0       0       0       0       0       0
Total ram usage:        6 bytes
 Hardware stack levels used:    1
 Hardware stack levels required when called:    1
 This function calls:
		_USBConfigureEndpoint
 This function is called by:
		_comm_usb_configured
 This function uses a non-reentrant model


 *************** function _USBConfigureEndpoint *****************
 Defined at:
		line 1544 in file "../../../../../../../../../Yosemite/Users/zangel/microchip/mla/v2014_07_22/framework/usb/src/usb_device.c"
 Parameters:    Size  Location     Type
  EPNum           1    wreg     unsigned char 
  direction       1    1[COMRAM] unsigned char 
 Auto vars:     Size  Location     Type
  EPNum           1    8[COMRAM] unsigned char 
  handle          2    9[COMRAM] PTR volatile struct __BD
		 -> BDT(32), 
 Return value:  Size  Location     Type
		None               void
 Registers used:
		wreg, fsr2l, fsr2h, status,2, status,0, prodl, prodh
 Tracked objects:
		On entry : 
		On exit  : 
		Unchanged: 
 Data sizes:     COMRAM   BANK0   BANK1   BANK2   BANK3   BANK4   BANK5   BANK6   BANK7
      Params:         1       0       0       0       0       0       0       0       0
      Locals:         3       0       0       0       0       0       0       0       0
      Temps:          6       0       0       0       0       0       0       0       0
      Totals:        10       0       0       0       0       0       0       0       0
Total ram usage:       10 bytes
 Hardware stack levels used:    1
 This function calls:
		Nothing
 This function is called by:
		_USBEnableEndpoint
 This function uses a non-reentrant model


 *************** function _USBCheckVendorRequest *****************
 Defined at:
		line 248 in file "/Volumes/Yosemite/Users/zangel/microchip/mla/v2014_07_22/framework/usb/src/usb_device_generic.c"
 Parameters:    Size  Location     Type
		None
 Auto vars:     Size  Location     Type
		None
 Return value:  Size  Location     Type
		None               void
 Registers used:
		None
 Tracked objects:
		On entry : 
		On exit  : 
		Unchanged: 
 Data sizes:     COMRAM   BANK0   BANK1   BANK2   BANK3   BANK4   BANK5   BANK6   BANK7
      Params:         0       0       0       0       0       0       0       0       0
      Locals:         0       0       0       0       0       0       0       0       0
      Temps:          0       0       0       0       0       0       0       0       0
      Totals:         0       0       0       0       0       0       0       0       0
Total ram usage:        0 bytes
 Hardware stack levels used:    1
 This function calls:
		Nothing
 This function is called by:
		_USER_USB_CALLBACK_EVENT_HANDLER
 This function uses a non-reentrant model



MODULE INFORMATION

Module		Function		Class		Link	Load	Size
shared
		_configDescript		SMALLCONST     	1092	0000	32
		_USB_CD_Ptr    		SMALLCONST     	1091	0000	1
		_sd001         		SMALLCONST     	10CC	0000	22
		_leds_quad_patt		SMALLCONST     	1026	0000	52
		_sd002         		SMALLCONST     	10B2	0000	26
		i2_USBDeviceIni		CODE           	718E	0000	218
		__initializatio		CODE           	6344	0000	48
		_device_dsc    		SMALLCONST     	10E2	0000	18
		_leds_status_pa		SMALLCONST     	105A	0000	52
		_USB_SD_Ptr    		SMALLCONST     	108E	0000	3
		i2_memset      		CODE           	6228	0000	44
		_sd000         		SMALLCONST     	10F4	0000	4
		i2_USBTransferO		CODE           	6A1E	0000	164

shared estimated size: 684

/Applications/microchip/xc8/v1.21/sources/pic18/plib/i2c/i2c_open.c
		_OpenI2C       		CODE           	6176	0000	28

/Applications/microchip/xc8/v1.21/sources/pic18/plib/i2c/i2c_open.c estimated size: 28

/Applications/microchip/xc8/v1.21/sources/common/memset.c
		_memset        		CODE           	6280	0000	46

/Applications/microchip/xc8/v1.21/sources/common/memset.c estimated size: 46

comm.c
		_comm_isr      		CODE           	60AA	0000	4
		_comm_usb_confi		CODE           	62AE	0000	50
		_USER_USB_CALLB		CODE           	64C6	0000	70
		_comm_init     		CODE           	6100	0000	22
		_comm_process  		CODE           	745A	0000	268

comm.c estimated size: 414

main.c
		_main          		CODE           	60AE	0000	10
		_interrupt_low 		CODE           	1018	0000	10
		_interrupt_high		CODE           	1008	0000	22304

main.c estimated size: 22324

../../../../../../../../../Yosemite/Users/zangel/microchip/mla/v2014_07_22/framework/usb/src/usb_device.c
		_USBCtrlTrfInHa		CODE           	6C2C	0000	182
		_USBTransferOne		CODE           	697E	0000	160
		_USBDeviceAttac		CODE           	61FE	0000	42
		_USBStdGetDscHa		CODE           	735C	0000	254
		_USBCtrlEPAllow		CODE           	68E6	0000	152
		_USBStdFeatureR		CODE           	7AF4	0000	536
		_USBCtrlEPAllow		CODE           	6B76	0000	182
		_USBCtrlTrfSetu		CODE           	6656	0000	98
		_USBCtrlTrfOutH		CODE           	6556	0000	84
		_USBCtrlEPServi		CODE           	70B4	0000	218
		_USBSuspend    		CODE           	6192	0000	30
		_USBStdSetCfgHa		CODE           	6F18	0000	196
		_USBStdGetStatu		CODE           	67B8	0000	150
		_USBWakeFromSus		CODE           	61B0	0000	38
		_USBCtrlTrfRxSe		CODE           	7566	0000	282
		_USBCtrlTrfTxSe		CODE           	6E56	0000	194
		_USBEnableEndpo		CODE           	643E	0000	68
		_USBConfigureEn		CODE           	684E	0000	152
		_USBDeviceInit 		CODE           	6FDC	0000	216
		_USBCtrlEPServi		CODE           	6AC2	0000	180
		_USBStallHandle		CODE           	637E	0000	62
		_USBDeviceTasks		CODE           	7680	0000	282
		_USBCheckStdReq		CODE           	6D9A	0000	188

../../../../../../../../../Yosemite/Users/zangel/microchip/mla/v2014_07_22/framework/usb/src/usb_device.c estimated size: 3946

/Applications/microchip/xc8/v1.21/sources/pic18/plib/i2c/i2c_idle.c
		_IdleI2C       		CODE           	60C4	0000	12

/Applications/microchip/xc8/v1.21/sources/pic18/plib/i2c/i2c_idle.c estimated size: 12

app.c
		_app_process   		CODE           	60F0	0000	16
		_app_isr       		CODE           	60D0	0000	16
		_app_init      		CODE           	6312	0000	50

app.c estimated size: 82

motors.c
		_motors_isr    		CODE           	65AA	0000	84
		_motors_init   		CODE           	650C	0000	74
		_motors_set_pwm		CODE           	63BC	0000	64
		_motors_process		CODE           	60A8	0000	2

motors.c estimated size: 224

leds.c
		_leds_isr      		CODE           	7928	0000	460
		_leds_init     		CODE           	63FC	0000	66
		_leds_process  		CODE           	60A6	0000	2

leds.c estimated size: 528

/Applications/microchip/xc8/v1.21/sources/pic18/plib/i2c/i2c_writ.c
		_WriteI2C      		CODE           	6482	0000	68

/Applications/microchip/xc8/v1.21/sources/pic18/plib/i2c/i2c_writ.c estimated size: 68

/Volumes/Yosemite/Users/zangel/microchip/mla/v2014_07_22/framework/usb/src/usb_device_generic.c
		_USBCheckVendor		CODE           	60A4	0000	2

/Volumes/Yosemite/Users/zangel/microchip/mla/v2014_07_22/framework/usb/src/usb_device_generic.c estimated size: 2

/Users/zangel/microchip/mla/v2014_07_22/framework/usb/sensors.c
		_sensors_proces		CODE           	1014	0000	2
		_sensors_i2c_wr		CODE           	6116	0000	22
		_sensors_i2c_re		CODE           	612C	0000	22
		_sensors_i2c_wr		CODE           	65FE	0000	88
		_sensors_i2c_as		CODE           	62E0	0000	50
		_sensors_measur		CODE           	7D0C	0000	756
		_sensors_isr   		CODE           	6142	0000	26
		_sensors_init  		CODE           	779A	0000	398
		_sensors_measur		CODE           	6254	0000	44
		_sensors_measur		CODE           	60E0	0000	16
		_sensors_measur		CODE           	60B8	0000	12
		_sensors_i2c_re		CODE           	6CE2	0000	184
		_sensors_i2c_as		CODE           	7268	0000	244
		_sensors_i2c_as		CODE           	61D6	0000	40
		_sensors_i2c_as		CODE           	6728	0000	144

/Users/zangel/microchip/mla/v2014_07_22/framework/usb/sensors.c estimated size: 2048

/Applications/microchip/xc8/v1.21/sources/pic18/plib/i2c/i2c_read.c
		_ReadI2C       		CODE           	615C	0000	26

/Applications/microchip/xc8/v1.21/sources/pic18/plib/i2c/i2c_read.c estimated size: 26

